------------------------------------------------------------
TimeQuest Timing Analyzer Summary
------------------------------------------------------------

Type  : Slow 1200mV 85C Model Setup 'mypll|altpll_component|auto_generated|pll1|clk[0]'
Slack : -1.829
TNS   : -1.829

Type  : Slow 1200mV 85C Model Setup 'clk80MHz'
Slack : -0.409
TNS   : -1.916

Type  : Slow 1200mV 85C Model Hold 'mypll|altpll_component|auto_generated|pll1|clk[0]'
Slack : 0.433
TNS   : 0.000

Type  : Slow 1200mV 85C Model Hold 'clk80MHz'
Slack : 0.453
TNS   : 0.000

Type  : Slow 1200mV 85C Model Recovery 'mypll|altpll_component|auto_generated|pll1|clk[0]'
Slack : -0.468
TNS   : -8.554

Type  : Slow 1200mV 85C Model Recovery 'clk80MHz'
Slack : 9.835
TNS   : 0.000

Type  : Slow 1200mV 85C Model Removal 'clk80MHz'
Slack : 1.376
TNS   : 0.000

Type  : Slow 1200mV 85C Model Removal 'mypll|altpll_component|auto_generated|pll1|clk[0]'
Slack : 3.296
TNS   : 0.000

Type  : Slow 1200mV 85C Model Minimum Pulse Width 'clk80MHz'
Slack : 5.985
TNS   : 0.000

Type  : Slow 1200mV 85C Model Minimum Pulse Width 'mypll|altpll_component|auto_generated|pll1|clk[0]'
Slack : 103.867
TNS   : 0.000

Type  : Slow 1200mV 0C Model Setup 'mypll|altpll_component|auto_generated|pll1|clk[0]'
Slack : -1.242
TNS   : -1.242

Type  : Slow 1200mV 0C Model Setup 'clk80MHz'
Slack : -0.469
TNS   : -2.217

Type  : Slow 1200mV 0C Model Hold 'mypll|altpll_component|auto_generated|pll1|clk[0]'
Slack : 0.383
TNS   : 0.000

Type  : Slow 1200mV 0C Model Hold 'clk80MHz'
Slack : 0.401
TNS   : 0.000

Type  : Slow 1200mV 0C Model Recovery 'mypll|altpll_component|auto_generated|pll1|clk[0]'
Slack : 0.021
TNS   : 0.000

Type  : Slow 1200mV 0C Model Recovery 'clk80MHz'
Slack : 10.000
TNS   : 0.000

Type  : Slow 1200mV 0C Model Removal 'clk80MHz'
Slack : 1.233
TNS   : 0.000

Type  : Slow 1200mV 0C Model Removal 'mypll|altpll_component|auto_generated|pll1|clk[0]'
Slack : 2.854
TNS   : 0.000

Type  : Slow 1200mV 0C Model Minimum Pulse Width 'clk80MHz'
Slack : 5.984
TNS   : 0.000

Type  : Slow 1200mV 0C Model Minimum Pulse Width 'mypll|altpll_component|auto_generated|pll1|clk[0]'
Slack : 103.841
TNS   : 0.000

Type  : Fast 1200mV 0C Model Setup 'mypll|altpll_component|auto_generated|pll1|clk[0]'
Slack : 1.375
TNS   : 0.000

Type  : Fast 1200mV 0C Model Setup 'clk80MHz'
Slack : 2.221
TNS   : 0.000

Type  : Fast 1200mV 0C Model Hold 'mypll|altpll_component|auto_generated|pll1|clk[0]'
Slack : 0.179
TNS   : 0.000

Type  : Fast 1200mV 0C Model Hold 'clk80MHz'
Slack : 0.187
TNS   : 0.000

Type  : Fast 1200mV 0C Model Recovery 'mypll|altpll_component|auto_generated|pll1|clk[0]'
Slack : 1.904
TNS   : 0.000

Type  : Fast 1200mV 0C Model Recovery 'clk80MHz'
Slack : 11.280
TNS   : 0.000

Type  : Fast 1200mV 0C Model Removal 'clk80MHz'
Slack : 0.572
TNS   : 0.000

Type  : Fast 1200mV 0C Model Removal 'mypll|altpll_component|auto_generated|pll1|clk[0]'
Slack : 1.531
TNS   : 0.000

Type  : Fast 1200mV 0C Model Minimum Pulse Width 'clk80MHz'
Slack : 5.512
TNS   : 0.000

Type  : Fast 1200mV 0C Model Minimum Pulse Width 'mypll|altpll_component|auto_generated|pll1|clk[0]'
Slack : 103.937
TNS   : 0.000

------------------------------------------------------------
