------------------------------------------------------------
TimeQuest Timing Analyzer Summary
------------------------------------------------------------

Type  : Slow 1200mV 85C Model Setup 'mypll|altpll_component|auto_generated|pll1|clk[0]'
Slack : -2.221
TNS   : -2.221

Type  : Slow 1200mV 85C Model Setup 'clk80MHz'
Slack : -0.819
TNS   : -5.787

Type  : Slow 1200mV 85C Model Hold 'clk80MHz'
Slack : 0.453
TNS   : 0.000

Type  : Slow 1200mV 85C Model Hold 'mypll|altpll_component|auto_generated|pll1|clk[0]'
Slack : 0.453
TNS   : 0.000

Type  : Slow 1200mV 85C Model Recovery 'mypll|altpll_component|auto_generated|pll1|clk[0]'
Slack : -0.714
TNS   : -11.458

Type  : Slow 1200mV 85C Model Recovery 'clk80MHz'
Slack : 9.467
TNS   : 0.000

Type  : Slow 1200mV 85C Model Removal 'clk80MHz'
Slack : 2.010
TNS   : 0.000

Type  : Slow 1200mV 85C Model Removal 'mypll|altpll_component|auto_generated|pll1|clk[0]'
Slack : 3.381
TNS   : 0.000

Type  : Slow 1200mV 85C Model Minimum Pulse Width 'clk80MHz'
Slack : 5.985
TNS   : 0.000

Type  : Slow 1200mV 85C Model Minimum Pulse Width 'mypll|altpll_component|auto_generated|pll1|clk[0]'
Slack : 103.870
TNS   : 0.000

Type  : Slow 1200mV 0C Model Setup 'mypll|altpll_component|auto_generated|pll1|clk[0]'
Slack : -1.690
TNS   : -1.690

Type  : Slow 1200mV 0C Model Setup 'clk80MHz'
Slack : -0.825
TNS   : -5.619

Type  : Slow 1200mV 0C Model Hold 'clk80MHz'
Slack : 0.401
TNS   : 0.000

Type  : Slow 1200mV 0C Model Hold 'mypll|altpll_component|auto_generated|pll1|clk[0]'
Slack : 0.401
TNS   : 0.000

Type  : Slow 1200mV 0C Model Recovery 'mypll|altpll_component|auto_generated|pll1|clk[0]'
Slack : -0.228
TNS   : -1.596

Type  : Slow 1200mV 0C Model Recovery 'clk80MHz'
Slack : 9.634
TNS   : 0.000

Type  : Slow 1200mV 0C Model Removal 'clk80MHz'
Slack : 1.803
TNS   : 0.000

Type  : Slow 1200mV 0C Model Removal 'mypll|altpll_component|auto_generated|pll1|clk[0]'
Slack : 2.979
TNS   : 0.000

Type  : Slow 1200mV 0C Model Minimum Pulse Width 'clk80MHz'
Slack : 5.984
TNS   : 0.000

Type  : Slow 1200mV 0C Model Minimum Pulse Width 'mypll|altpll_component|auto_generated|pll1|clk[0]'
Slack : 103.843
TNS   : 0.000

Type  : Fast 1200mV 0C Model Setup 'mypll|altpll_component|auto_generated|pll1|clk[0]'
Slack : 1.191
TNS   : 0.000

Type  : Fast 1200mV 0C Model Setup 'clk80MHz'
Slack : 1.962
TNS   : 0.000

Type  : Fast 1200mV 0C Model Hold 'clk80MHz'
Slack : 0.186
TNS   : 0.000

Type  : Fast 1200mV 0C Model Hold 'mypll|altpll_component|auto_generated|pll1|clk[0]'
Slack : 0.186
TNS   : 0.000

Type  : Fast 1200mV 0C Model Recovery 'mypll|altpll_component|auto_generated|pll1|clk[0]'
Slack : 1.812
TNS   : 0.000

Type  : Fast 1200mV 0C Model Recovery 'clk80MHz'
Slack : 11.107
TNS   : 0.000

Type  : Fast 1200mV 0C Model Removal 'clk80MHz'
Slack : 0.856
TNS   : 0.000

Type  : Fast 1200mV 0C Model Removal 'mypll|altpll_component|auto_generated|pll1|clk[0]'
Slack : 1.564
TNS   : 0.000

Type  : Fast 1200mV 0C Model Minimum Pulse Width 'clk80MHz'
Slack : 5.513
TNS   : 0.000

Type  : Fast 1200mV 0C Model Minimum Pulse Width 'mypll|altpll_component|auto_generated|pll1|clk[0]'
Slack : 103.951
TNS   : 0.000

------------------------------------------------------------
